// Jest Snapshot v1, https://goo.gl/fbAQLP

exports[`Measurement Component should take a snapshot for Measurement Component 1`] = `
<div
  id="Measurement"
>
  Measurement
</div>
`;
